// Validating benchmarks:
// ***** BenchmarkRunner: Start   *****
// ***** Found 6 benchmark(s) in total *****
// ***** Building 2 exe(s) in Parallel: Start   *****
// ***** Done, took 00:00:13 (13.8 sec)   *****
// ***** Failed to build in Parallel, switching to sequential build   *****
// ***** Done, took 00:00:05 (5.76 sec)   *****
// Found 6 benchmarks:
//   AncestorBenchmarks.'ancestor - find all descendants (non-indexed)': NativeAOT(Toolchain=ILCompiler 10.0.0) [ChainDepth=5]
//   AncestorBenchmarks.'ancestor - find all descendants (non-indexed)': ShortRun(IterationCount=3, LaunchCount=1, WarmupCount=3) [ChainDepth=5]
//   AncestorBenchmarks.'ancestor - find all descendants (non-indexed)': NativeAOT(Toolchain=ILCompiler 10.0.0) [ChainDepth=10]
//   AncestorBenchmarks.'ancestor - find all descendants (non-indexed)': ShortRun(IterationCount=3, LaunchCount=1, WarmupCount=3) [ChainDepth=10]
//   AncestorBenchmarks.'ancestor - find all descendants (non-indexed)': NativeAOT(Toolchain=ILCompiler 10.0.0) [ChainDepth=20]
//   AncestorBenchmarks.'ancestor - find all descendants (non-indexed)': ShortRun(IterationCount=3, LaunchCount=1, WarmupCount=3) [ChainDepth=20]

// Build Error: Standard output: 
  
 Standard error: 
   FsLogical -> /home/runner/work/fs-logical/fs-logical/tests/FsLogical.Benchmarks/bin/Release/net10.0/FsLogical.Benchmarks-NativeAOT-1/bin/Release/net10.0/linux-x64/publish/FsLogical.dll
  FsLogical.Benchmarks -> /home/runner/work/fs-logical/fs-logical/tests/FsLogical.Benchmarks/bin/Release/net10.0/FsLogical.Benchmarks-NativeAOT-1/bin/Release/net10.0/linux-x64/publish/FsLogical.Benchmarks.dll
  BenchmarkDotNet.Autogenerated -> /home/runner/work/fs-logical/fs-logical/tests/FsLogical.Benchmarks/bin/Release/net10.0/FsLogical.Benchmarks-NativeAOT-1/bin/Release/net10.0/linux-x64/publish/FsLogical.Benchmarks-NativeAOT-1.dll
/home/runner/.nuget/packages/microsoft.dotnet.ilcompiler/10.0.0/build/Microsoft.DotNet.ILCompiler.SingleEntry.targets(60,5): warning : Delete explicit 'Microsoft.DotNet.ILCompiler' package reference in your project file to avoid versioning problems. [/home/runner/work/fs-logical/fs-logical/tests/FsLogical.Benchmarks/bin/Release/net10.0/FsLogical.Benchmarks-NativeAOT-1/BenchmarkDotNet.Autogenerated.csproj]
/home/runner/.nuget/packages/microsoft.dotnet.ilcompiler/10.0.0/build/Microsoft.NETCore.Native.Publish.targets(70,5): error : The PrivateSdkAssemblies ItemGroup is required for _ComputeAssembliesToCompileToNative [/home/runner/work/fs-logical/fs-logical/tests/FsLogical.Benchmarks/bin/Release/net10.0/FsLogical.Benchmarks-NativeAOT-1/BenchmarkDotNet.Autogenerated.csproj]

// BenchmarkDotNet has failed to build the auto-generated boilerplate code.
// It can be found in /home/runner/work/fs-logical/fs-logical/tests/FsLogical.Benchmarks/bin/Release/net10.0/FsLogical.Benchmarks-NativeAOT-1
// Please follow the troubleshooting guide: https://benchmarkdotnet.org/articles/guides/troubleshooting.html

// ** Remained 5 (83.3 %) benchmark(s) to run. Estimated finish 2026-05-05 4:42 (0h 0m from now) **
// **************************
// Benchmark: AncestorBenchmarks.'ancestor - find all descendants (non-indexed)': ShortRun(IterationCount=3, LaunchCount=1, WarmupCount=3) [ChainDepth=5]
// *** Execute ***
// Launch: 1 / 1
// Execute: dotnet FsLogical.Benchmarks-ShortRun-2.dll --anonymousPipes 133 134 --benchmarkName "FsLogical.Benchmarks.Benchmarks+AncestorBenchmarks.FindAllDescendants(ChainDepth: 5)" --job ShortRun --benchmarkId 0 in /home/runner/work/fs-logical/fs-logical/tests/FsLogical.Benchmarks/bin/Release/net10.0/FsLogical.Benchmarks-ShortRun-2/bin/Release/net10.0
// Failed to set up high priority (Permission denied). In order to run benchmarks with high priority, make sure you have the right permissions.
// BeforeAnythingElse

// Benchmark Process Environment Information:
// BenchmarkDotNet v0.15.8
// Runtime=.NET 10.0.5 (10.0.5, 10.0.526.15411), X64 RyuJIT x86-64-v3
// GC=Concurrent Workstation
// HardwareIntrinsics=AVX2+BMI1+BMI2+F16C+FMA+LZCNT+MOVBE,AVX,SSE3+SSSE3+SSE4.1+SSE4.2+POPCNT,X86Base+SSE+SSE2,AES+PCLMUL VectorSize=256
// Job: ShortRun(IterationCount=3, LaunchCount=1, WarmupCount=3)

OverheadJitting  1: 1 op, 197387.00 ns, 197.3870 us/op
WorkloadJitting  1: 1 op, 42038095.00 ns, 42.0381 ms/op

WorkloadPilot    1: 2 op, 592381.00 ns, 296.1905 us/op
WorkloadPilot    2: 3 op, 674163.00 ns, 224.7210 us/op
WorkloadPilot    3: 4 op, 757509.00 ns, 189.3773 us/op
WorkloadPilot    4: 5 op, 1173976.00 ns, 234.7952 us/op
WorkloadPilot    5: 6 op, 1232774.00 ns, 205.4623 us/op
WorkloadPilot    6: 7 op, 1445243.00 ns, 206.4633 us/op
WorkloadPilot    7: 8 op, 2418397.00 ns, 302.2996 us/op
WorkloadPilot    8: 9 op, 2817959.00 ns, 313.1066 us/op
WorkloadPilot    9: 10 op, 2906591.00 ns, 290.6591 us/op
WorkloadPilot   10: 11 op, 2185637.00 ns, 198.6943 us/op
WorkloadPilot   11: 12 op, 2432980.00 ns, 202.7483 us/op
WorkloadPilot   12: 13 op, 2538938.00 ns, 195.3029 us/op
WorkloadPilot   13: 14 op, 2680121.00 ns, 191.4372 us/op
WorkloadPilot   14: 15 op, 3286403.00 ns, 219.0935 us/op
WorkloadPilot   15: 16 op, 3002116.00 ns, 187.6323 us/op
WorkloadPilot   16: 32 op, 7190294.00 ns, 224.6967 us/op
WorkloadPilot   17: 64 op, 15936918.00 ns, 249.0143 us/op
WorkloadPilot   18: 128 op, 31072382.00 ns, 242.7530 us/op
WorkloadPilot   19: 256 op, 45077616.00 ns, 176.0844 us/op
WorkloadPilot   20: 512 op, 96857496.00 ns, 189.1748 us/op
WorkloadPilot   21: 1024 op, 112189505.00 ns, 109.5601 us/op
WorkloadPilot   22: 2048 op, 139543650.00 ns, 68.1365 us/op
WorkloadPilot   23: 4096 op, 278740689.00 ns, 68.0519 us/op
WorkloadPilot   24: 8192 op, 559898775.00 ns, 68.3470 us/op

WorkloadWarmup   1: 8192 op, 557862503.00 ns, 68.0985 us/op
WorkloadWarmup   2: 8192 op, 564416288.00 ns, 68.8985 us/op
WorkloadWarmup   3: 8192 op, 562641219.00 ns, 68.6818 us/op

// BeforeActualRun
WorkloadActual   1: 8192 op, 565882674.00 ns, 69.0775 us/op
WorkloadActual   2: 8192 op, 564620961.00 ns, 68.9235 us/op
WorkloadActual   3: 8192 op, 562656407.00 ns, 68.6836 us/op

// AfterActualRun
WorkloadResult   1: 8192 op, 565882674.00 ns, 69.0775 us/op
WorkloadResult   2: 8192 op, 564620961.00 ns, 68.9235 us/op
WorkloadResult   3: 8192 op, 562656407.00 ns, 68.6836 us/op
// GC:  66 2 0 1116913200 8192
// Threading:  0 0 8192

// AfterAll
// Benchmark Process 6812 has exited with code 0.

Mean = 68.895 μs, StdErr = 0.115 μs (0.17%), N = 3, StdDev = 0.198 μs
Min = 68.684 μs, Q1 = 68.804 μs, Median = 68.923 μs, Q3 = 69.000 μs, Max = 69.077 μs
IQR = 0.197 μs, LowerFence = 68.508 μs, UpperFence = 69.296 μs
ConfidenceInterval = [65.274 μs; 72.516 μs] (CI 99.9%), Margin = 3.621 μs (5.26% of Mean)
Skewness = -0.14, Kurtosis = 0.67, MValue = 2

// ** Remained 4 (66.7 %) benchmark(s) to run. Estimated finish 2026-05-05 4:42 (0h 0m from now) **
// Build Error: Standard output: 
  
 Standard error: 
   FsLogical -> /home/runner/work/fs-logical/fs-logical/tests/FsLogical.Benchmarks/bin/Release/net10.0/FsLogical.Benchmarks-NativeAOT-1/bin/Release/net10.0/linux-x64/publish/FsLogical.dll
  FsLogical.Benchmarks -> /home/runner/work/fs-logical/fs-logical/tests/FsLogical.Benchmarks/bin/Release/net10.0/FsLogical.Benchmarks-NativeAOT-1/bin/Release/net10.0/linux-x64/publish/FsLogical.Benchmarks.dll
  BenchmarkDotNet.Autogenerated -> /home/runner/work/fs-logical/fs-logical/tests/FsLogical.Benchmarks/bin/Release/net10.0/FsLogical.Benchmarks-NativeAOT-1/bin/Release/net10.0/linux-x64/publish/FsLogical.Benchmarks-NativeAOT-1.dll
/home/runner/.nuget/packages/microsoft.dotnet.ilcompiler/10.0.0/build/Microsoft.DotNet.ILCompiler.SingleEntry.targets(60,5): warning : Delete explicit 'Microsoft.DotNet.ILCompiler' package reference in your project file to avoid versioning problems. [/home/runner/work/fs-logical/fs-logical/tests/FsLogical.Benchmarks/bin/Release/net10.0/FsLogical.Benchmarks-NativeAOT-1/BenchmarkDotNet.Autogenerated.csproj]
/home/runner/.nuget/packages/microsoft.dotnet.ilcompiler/10.0.0/build/Microsoft.NETCore.Native.Publish.targets(70,5): error : The PrivateSdkAssemblies ItemGroup is required for _ComputeAssembliesToCompileToNative [/home/runner/work/fs-logical/fs-logical/tests/FsLogical.Benchmarks/bin/Release/net10.0/FsLogical.Benchmarks-NativeAOT-1/BenchmarkDotNet.Autogenerated.csproj]

// BenchmarkDotNet has failed to build the auto-generated boilerplate code.
// It can be found in /home/runner/work/fs-logical/fs-logical/tests/FsLogical.Benchmarks/bin/Release/net10.0/FsLogical.Benchmarks-NativeAOT-1
// Please follow the troubleshooting guide: https://benchmarkdotnet.org/articles/guides/troubleshooting.html

// ** Remained 3 (50.0 %) benchmark(s) to run. Estimated finish 2026-05-05 4:42 (0h 0m from now) **
// **************************
// Benchmark: AncestorBenchmarks.'ancestor - find all descendants (non-indexed)': ShortRun(IterationCount=3, LaunchCount=1, WarmupCount=3) [ChainDepth=10]
// *** Execute ***
// Launch: 1 / 1
// Execute: dotnet FsLogical.Benchmarks-ShortRun-2.dll --anonymousPipes 133 134 --benchmarkName "FsLogical.Benchmarks.Benchmarks+AncestorBenchmarks.FindAllDescendants(ChainDepth: 10)" --job ShortRun --benchmarkId 1 in /home/runner/work/fs-logical/fs-logical/tests/FsLogical.Benchmarks/bin/Release/net10.0/FsLogical.Benchmarks-ShortRun-2/bin/Release/net10.0
// Failed to set up high priority (Permission denied). In order to run benchmarks with high priority, make sure you have the right permissions.
// BeforeAnythingElse

// Benchmark Process Environment Information:
// BenchmarkDotNet v0.15.8
// Runtime=.NET 10.0.5 (10.0.5, 10.0.526.15411), X64 RyuJIT x86-64-v3
// GC=Concurrent Workstation
// HardwareIntrinsics=AVX2+BMI1+BMI2+F16C+FMA+LZCNT+MOVBE,AVX,SSE3+SSSE3+SSE4.1+SSE4.2+POPCNT,X86Base+SSE+SSE2,AES+PCLMUL VectorSize=256
// Job: ShortRun(IterationCount=3, LaunchCount=1, WarmupCount=3)

OverheadJitting  1: 1 op, 204948.00 ns, 204.9480 us/op
WorkloadJitting  1: 1 op, 43011645.00 ns, 43.0116 ms/op

WorkloadPilot    1: 2 op, 1430772.00 ns, 715.3860 us/op
WorkloadPilot    2: 3 op, 1925035.00 ns, 641.6783 us/op
WorkloadPilot    3: 4 op, 2188071.00 ns, 547.0178 us/op
WorkloadPilot    4: 5 op, 3294184.00 ns, 658.8368 us/op
WorkloadPilot    5: 6 op, 3422807.00 ns, 570.4678 us/op
WorkloadPilot    6: 7 op, 3877130.00 ns, 553.8757 us/op
WorkloadPilot    7: 8 op, 4366136.00 ns, 545.7670 us/op
WorkloadPilot    8: 9 op, 4867901.00 ns, 540.8779 us/op
WorkloadPilot    9: 10 op, 5247942.00 ns, 524.7942 us/op
WorkloadPilot   10: 11 op, 5898992.00 ns, 536.2720 us/op
WorkloadPilot   11: 12 op, 6159222.00 ns, 513.2685 us/op
WorkloadPilot   12: 13 op, 6422269.00 ns, 494.0207 us/op
WorkloadPilot   13: 14 op, 7230223.00 ns, 516.4445 us/op
WorkloadPilot   14: 15 op, 7591196.00 ns, 506.0797 us/op
WorkloadPilot   15: 16 op, 8059520.00 ns, 503.7200 us/op
WorkloadPilot   16: 32 op, 19307787.00 ns, 603.3683 us/op
WorkloadPilot   17: 64 op, 34686340.00 ns, 541.9741 us/op
WorkloadPilot   18: 128 op, 76053427.00 ns, 594.1674 us/op
WorkloadPilot   19: 256 op, 69828986.00 ns, 272.7695 us/op
WorkloadPilot   20: 512 op, 105863878.00 ns, 206.7654 us/op
WorkloadPilot   21: 1024 op, 187019828.00 ns, 182.6366 us/op
WorkloadPilot   22: 2048 op, 374424366.00 ns, 182.8244 us/op
WorkloadPilot   23: 4096 op, 747760795.00 ns, 182.5588 us/op

WorkloadWarmup   1: 4096 op, 755006643.00 ns, 184.3278 us/op
WorkloadWarmup   2: 4096 op, 757451169.00 ns, 184.9246 us/op
WorkloadWarmup   3: 4096 op, 777163795.00 ns, 189.7373 us/op

// BeforeActualRun
WorkloadActual   1: 4096 op, 745192894.00 ns, 181.9319 us/op
WorkloadActual   2: 4096 op, 754540301.00 ns, 184.2139 us/op
WorkloadActual   3: 4096 op, 754181184.00 ns, 184.1263 us/op

// AfterActualRun
WorkloadResult   1: 4096 op, 745192894.00 ns, 181.9319 us/op
WorkloadResult   2: 4096 op, 754540301.00 ns, 184.2139 us/op
WorkloadResult   3: 4096 op, 754181184.00 ns, 184.1263 us/op
// GC:  92 5 0 1549150328 4096
// Threading:  0 0 4096

// AfterAll
// Benchmark Process 6821 has exited with code 0.

Mean = 183.424 μs, StdErr = 0.747 μs (0.41%), N = 3, StdDev = 1.293 μs
Min = 181.932 μs, Q1 = 183.029 μs, Median = 184.126 μs, Q3 = 184.170 μs, Max = 184.214 μs
IQR = 1.141 μs, LowerFence = 181.318 μs, UpperFence = 185.882 μs
ConfidenceInterval = [159.835 μs; 207.013 μs] (CI 99.9%), Margin = 23.589 μs (12.86% of Mean)
Skewness = -0.38, Kurtosis = 0.67, MValue = 2

// ** Remained 2 (33.3 %) benchmark(s) to run. Estimated finish 2026-05-05 4:42 (0h 0m from now) **
// Build Error: Standard output: 
  
 Standard error: 
   FsLogical -> /home/runner/work/fs-logical/fs-logical/tests/FsLogical.Benchmarks/bin/Release/net10.0/FsLogical.Benchmarks-NativeAOT-1/bin/Release/net10.0/linux-x64/publish/FsLogical.dll
  FsLogical.Benchmarks -> /home/runner/work/fs-logical/fs-logical/tests/FsLogical.Benchmarks/bin/Release/net10.0/FsLogical.Benchmarks-NativeAOT-1/bin/Release/net10.0/linux-x64/publish/FsLogical.Benchmarks.dll
  BenchmarkDotNet.Autogenerated -> /home/runner/work/fs-logical/fs-logical/tests/FsLogical.Benchmarks/bin/Release/net10.0/FsLogical.Benchmarks-NativeAOT-1/bin/Release/net10.0/linux-x64/publish/FsLogical.Benchmarks-NativeAOT-1.dll
/home/runner/.nuget/packages/microsoft.dotnet.ilcompiler/10.0.0/build/Microsoft.DotNet.ILCompiler.SingleEntry.targets(60,5): warning : Delete explicit 'Microsoft.DotNet.ILCompiler' package reference in your project file to avoid versioning problems. [/home/runner/work/fs-logical/fs-logical/tests/FsLogical.Benchmarks/bin/Release/net10.0/FsLogical.Benchmarks-NativeAOT-1/BenchmarkDotNet.Autogenerated.csproj]
/home/runner/.nuget/packages/microsoft.dotnet.ilcompiler/10.0.0/build/Microsoft.NETCore.Native.Publish.targets(70,5): error : The PrivateSdkAssemblies ItemGroup is required for _ComputeAssembliesToCompileToNative [/home/runner/work/fs-logical/fs-logical/tests/FsLogical.Benchmarks/bin/Release/net10.0/FsLogical.Benchmarks-NativeAOT-1/BenchmarkDotNet.Autogenerated.csproj]

// BenchmarkDotNet has failed to build the auto-generated boilerplate code.
// It can be found in /home/runner/work/fs-logical/fs-logical/tests/FsLogical.Benchmarks/bin/Release/net10.0/FsLogical.Benchmarks-NativeAOT-1
// Please follow the troubleshooting guide: https://benchmarkdotnet.org/articles/guides/troubleshooting.html

// ** Remained 1 (16.7 %) benchmark(s) to run. Estimated finish 2026-05-05 4:42 (0h 0m from now) **
// **************************
// Benchmark: AncestorBenchmarks.'ancestor - find all descendants (non-indexed)': ShortRun(IterationCount=3, LaunchCount=1, WarmupCount=3) [ChainDepth=20]
// *** Execute ***
// Launch: 1 / 1
// Execute: dotnet FsLogical.Benchmarks-ShortRun-2.dll --anonymousPipes 133 134 --benchmarkName "FsLogical.Benchmarks.Benchmarks+AncestorBenchmarks.FindAllDescendants(ChainDepth: 20)" --job ShortRun --benchmarkId 2 in /home/runner/work/fs-logical/fs-logical/tests/FsLogical.Benchmarks/bin/Release/net10.0/FsLogical.Benchmarks-ShortRun-2/bin/Release/net10.0
// Failed to set up high priority (Permission denied). In order to run benchmarks with high priority, make sure you have the right permissions.
// BeforeAnythingElse

// Benchmark Process Environment Information:
// BenchmarkDotNet v0.15.8
// Runtime=.NET 10.0.5 (10.0.5, 10.0.526.15411), X64 RyuJIT x86-64-v3
// GC=Concurrent Workstation
// HardwareIntrinsics=AVX2+BMI1+BMI2+F16C+FMA+LZCNT+MOVBE,AVX,SSE3+SSSE3+SSE4.1+SSE4.2+POPCNT,X86Base+SSE+SSE2,AES+PCLMUL VectorSize=256
// Job: ShortRun(IterationCount=3, LaunchCount=1, WarmupCount=3)

OverheadJitting  1: 1 op, 198088.00 ns, 198.0880 us/op
WorkloadJitting  1: 1 op, 44515700.00 ns, 44.5157 ms/op

WorkloadPilot    1: 2 op, 4580098.00 ns, 2.2900 ms/op
WorkloadPilot    2: 3 op, 6019493.00 ns, 2.0065 ms/op
WorkloadPilot    3: 4 op, 6713197.00 ns, 1.6783 ms/op
WorkloadPilot    4: 5 op, 9753930.00 ns, 1.9508 ms/op
WorkloadPilot    5: 6 op, 12022722.00 ns, 2.0038 ms/op
WorkloadPilot    6: 7 op, 13982173.00 ns, 1.9975 ms/op
WorkloadPilot    7: 8 op, 13302988.00 ns, 1.6629 ms/op
WorkloadPilot    8: 9 op, 13811543.00 ns, 1.5346 ms/op
WorkloadPilot    9: 10 op, 15288564.00 ns, 1.5289 ms/op
WorkloadPilot   10: 11 op, 16644333.00 ns, 1.5131 ms/op
WorkloadPilot   11: 12 op, 18037928.00 ns, 1.5032 ms/op
WorkloadPilot   12: 13 op, 36479880.00 ns, 2.8061 ms/op
WorkloadPilot   13: 14 op, 21448457.00 ns, 1.5320 ms/op
WorkloadPilot   14: 15 op, 11680417.00 ns, 778.6945 us/op
WorkloadPilot   15: 16 op, 12405637.00 ns, 775.3523 us/op
WorkloadPilot   16: 32 op, 25084166.00 ns, 783.8802 us/op
WorkloadPilot   17: 64 op, 50205568.00 ns, 784.4620 us/op
WorkloadPilot   18: 128 op, 78733042.00 ns, 615.1019 us/op
WorkloadPilot   19: 256 op, 140257053.00 ns, 547.8791 us/op
WorkloadPilot   20: 512 op, 280695098.00 ns, 548.2326 us/op
WorkloadPilot   21: 1024 op, 561579229.00 ns, 548.4172 us/op

WorkloadWarmup   1: 1024 op, 570174466.00 ns, 556.8110 us/op
WorkloadWarmup   2: 1024 op, 570589490.00 ns, 557.2163 us/op
WorkloadWarmup   3: 1024 op, 566973823.00 ns, 553.6854 us/op

// BeforeActualRun
WorkloadActual   1: 1024 op, 573218143.00 ns, 559.7833 us/op
WorkloadActual   2: 1024 op, 566052837.00 ns, 552.7860 us/op
WorkloadActual   3: 1024 op, 566155733.00 ns, 552.8865 us/op

// AfterActualRun
WorkloadResult   1: 1024 op, 573218143.00 ns, 559.7833 us/op
WorkloadResult   2: 1024 op, 566052837.00 ns, 552.7860 us/op
WorkloadResult   3: 1024 op, 566155733.00 ns, 552.8865 us/op
// GC:  72 9 0 1205528184 1024
// Threading:  0 0 1024

// AfterAll
// Benchmark Process 6831 has exited with code 0.

Mean = 555.152 μs, StdErr = 2.316 μs (0.42%), N = 3, StdDev = 4.011 μs
Min = 552.786 μs, Q1 = 552.836 μs, Median = 552.886 μs, Q3 = 556.335 μs, Max = 559.783 μs
IQR = 3.499 μs, LowerFence = 547.588 μs, UpperFence = 561.583 μs
ConfidenceInterval = [481.972 μs; 628.332 μs] (CI 99.9%), Margin = 73.180 μs (13.18% of Mean)
Skewness = 0.38, Kurtosis = 0.67, MValue = 2

// ** Remained 0 (0.0 %) benchmark(s) to run. Estimated finish 2026-05-05 4:42 (0h 0m from now) **
Run time: 00:00:18 (18.33 sec), executed benchmarks: 3

// ***** BenchmarkRunner: Finish  *****

// * Export *
  BenchmarkDotNet.Artifacts/results/FsLogical.Benchmarks.Benchmarks.AncestorBenchmarks-report.csv
  BenchmarkDotNet.Artifacts/results/FsLogical.Benchmarks.Benchmarks.AncestorBenchmarks-report-github.md
  BenchmarkDotNet.Artifacts/results/FsLogical.Benchmarks.Benchmarks.AncestorBenchmarks-report.html

// * Detailed results *
AncestorBenchmarks.'ancestor - find all descendants (non-indexed)': NativeAOT(Toolchain=ILCompiler 10.0.0) [ChainDepth=5]
Runtime = ; GC = 
There are not any results runs

AncestorBenchmarks.'ancestor - find all descendants (non-indexed)': ShortRun(IterationCount=3, LaunchCount=1, WarmupCount=3) [ChainDepth=5]
Runtime = .NET 10.0.5 (10.0.5, 10.0.526.15411), X64 RyuJIT x86-64-v3; GC = Concurrent Workstation
Mean = 68.895 μs, StdErr = 0.115 μs (0.17%), N = 3, StdDev = 0.198 μs
Min = 68.684 μs, Q1 = 68.804 μs, Median = 68.923 μs, Q3 = 69.000 μs, Max = 69.077 μs
IQR = 0.197 μs, LowerFence = 68.508 μs, UpperFence = 69.296 μs
ConfidenceInterval = [65.274 μs; 72.516 μs] (CI 99.9%), Margin = 3.621 μs (5.26% of Mean)
Skewness = -0.14, Kurtosis = 0.67, MValue = 2
-------------------- Histogram --------------------
[68.503 μs ; 69.258 μs) | @@@
---------------------------------------------------

AncestorBenchmarks.'ancestor - find all descendants (non-indexed)': NativeAOT(Toolchain=ILCompiler 10.0.0) [ChainDepth=10]
Runtime = ; GC = 
There are not any results runs

AncestorBenchmarks.'ancestor - find all descendants (non-indexed)': ShortRun(IterationCount=3, LaunchCount=1, WarmupCount=3) [ChainDepth=10]
Runtime = .NET 10.0.5 (10.0.5, 10.0.526.15411), X64 RyuJIT x86-64-v3; GC = Concurrent Workstation
Mean = 183.424 μs, StdErr = 0.747 μs (0.41%), N = 3, StdDev = 1.293 μs
Min = 181.932 μs, Q1 = 183.029 μs, Median = 184.126 μs, Q3 = 184.170 μs, Max = 184.214 μs
IQR = 1.141 μs, LowerFence = 181.318 μs, UpperFence = 185.882 μs
ConfidenceInterval = [159.835 μs; 207.013 μs] (CI 99.9%), Margin = 23.589 μs (12.86% of Mean)
Skewness = -0.38, Kurtosis = 0.67, MValue = 2
-------------------- Histogram --------------------
[181.896 μs ; 184.250 μs) | @@@
---------------------------------------------------

AncestorBenchmarks.'ancestor - find all descendants (non-indexed)': NativeAOT(Toolchain=ILCompiler 10.0.0) [ChainDepth=20]
Runtime = ; GC = 
There are not any results runs

AncestorBenchmarks.'ancestor - find all descendants (non-indexed)': ShortRun(IterationCount=3, LaunchCount=1, WarmupCount=3) [ChainDepth=20]
Runtime = .NET 10.0.5 (10.0.5, 10.0.526.15411), X64 RyuJIT x86-64-v3; GC = Concurrent Workstation
Mean = 555.152 μs, StdErr = 2.316 μs (0.42%), N = 3, StdDev = 4.011 μs
Min = 552.786 μs, Q1 = 552.836 μs, Median = 552.886 μs, Q3 = 556.335 μs, Max = 559.783 μs
IQR = 3.499 μs, LowerFence = 547.588 μs, UpperFence = 561.583 μs
ConfidenceInterval = [481.972 μs; 628.332 μs] (CI 99.9%), Margin = 73.180 μs (13.18% of Mean)
Skewness = 0.38, Kurtosis = 0.67, MValue = 2
-------------------- Histogram --------------------
[552.634 μs ; 559.935 μs) | @@@
---------------------------------------------------

// * Summary *

BenchmarkDotNet v0.15.8, Linux Ubuntu 24.04.4 LTS (Noble Numbat)
AMD EPYC 9V74 2.60GHz, 1 CPU, 4 logical and 2 physical cores
.NET SDK 10.0.201
  [Host]   : .NET 10.0.5 (10.0.5, 10.0.526.15411), X64 RyuJIT x86-64-v3 DEBUG
  ShortRun : .NET 10.0.5 (10.0.5, 10.0.526.15411), X64 RyuJIT x86-64-v3


| Method                                          | Job       | Toolchain         | IterationCount | LaunchCount | WarmupCount | ChainDepth | Mean      | Error     | StdDev   | Gen0    | Gen1   | Allocated  |
|------------------------------------------------ |---------- |------------------ |--------------- |------------ |------------ |----------- |----------:|----------:|---------:|--------:|-------:|-----------:|
| 'ancestor - find all descendants (non-indexed)' | NativeAOT | ILCompiler 10.0.0 | Default        | Default     | Default     | 5          |        NA |        NA |       NA |      NA |     NA |         NA |
| 'ancestor - find all descendants (non-indexed)' | ShortRun  | Default           | 3              | 1           | 3           | 5          |  68.89 μs |  3.621 μs | 0.198 μs |  8.0566 | 0.2441 |  133.15 KB |
| 'ancestor - find all descendants (non-indexed)' | NativeAOT | ILCompiler 10.0.0 | Default        | Default     | Default     | 10         |        NA |        NA |       NA |      NA |     NA |         NA |
| 'ancestor - find all descendants (non-indexed)' | ShortRun  | Default           | 3              | 1           | 3           | 10         | 183.42 μs | 23.589 μs | 1.293 μs | 22.4609 | 1.2207 |  369.35 KB |
| 'ancestor - find all descendants (non-indexed)' | NativeAOT | ILCompiler 10.0.0 | Default        | Default     | Default     | 20         |        NA |        NA |       NA |      NA |     NA |         NA |
| 'ancestor - find all descendants (non-indexed)' | ShortRun  | Default           | 3              | 1           | 3           | 20         | 555.15 μs | 73.180 μs | 4.011 μs | 70.3125 | 8.7891 | 1149.68 KB |

Benchmarks with issues:
  AncestorBenchmarks.'ancestor - find all descendants (non-indexed)': NativeAOT(Toolchain=ILCompiler 10.0.0) [ChainDepth=5]
  AncestorBenchmarks.'ancestor - find all descendants (non-indexed)': NativeAOT(Toolchain=ILCompiler 10.0.0) [ChainDepth=10]
  AncestorBenchmarks.'ancestor - find all descendants (non-indexed)': NativeAOT(Toolchain=ILCompiler 10.0.0) [ChainDepth=20]

// * Legends *
  ChainDepth : Value of the 'ChainDepth' parameter
  Mean       : Arithmetic mean of all measurements
  Error      : Half of 99.9% confidence interval
  StdDev     : Standard deviation of all measurements
  Gen0       : GC Generation 0 collects per 1000 operations
  Gen1       : GC Generation 1 collects per 1000 operations
  Allocated  : Allocated memory per single operation (managed only, inclusive, 1KB = 1024B)
  1 μs       : 1 Microsecond (0.000001 sec)

// * Diagnostic Output - MemoryDiagnoser *


// ***** BenchmarkRunner: End *****
Global total time: 00:00:37 (37.98 sec), executed benchmarks: 3
// * Artifacts cleanup *
Artifacts cleanup is finished
